0 verbose cli C:\Program Files\nodejs\node.exe C:\Users\junay\AppData\Roaming\npm\node_modules\npm\bin\npm-cli.js
1 info using npm@11.14.1
2 info using node@v24.15.0
3 silly config load:file:C:\Users\junay\AppData\Roaming\npm\node_modules\npm\npmrc
4 silly config load:file:D:\junayedkhan\server\.npmrc
5 silly config load:file:C:\Users\junay\.npmrc
6 silly config load:file:D:\junayedkhan\server\etc\npmrc
7 verbose title npm install nodemailer
8 verbose argv "install" "nodemailer" "--prefix" "server" "--cache" ".\\.npm-cache"
9 verbose logfile logs-max:10 dir:D:\junayedkhan\.npm-cache\_logs\2026-05-17T14_59_48_140Z-
10 verbose logfile D:\junayedkhan\.npm-cache\_logs\2026-05-17T14_59_48_140Z-debug-0.log
11 silly logfile done cleaning log files
12 silly packumentCache heap:4496293888 maxSize:1124073472 maxEntrySize:562036736
13 silly idealTree buildDeps
14 silly fetch manifest nodemailer@*
15 silly packumentCache full:https://registry.npmjs.org/nodemailer cache-miss
16 http fetch GET 200 https://registry.npmjs.org/nodemailer 80ms (cache miss)
17 silly packumentCache full:https://registry.npmjs.org/nodemailer set size:undefined disposed:false
18 silly placeDep ROOT nodemailer@8.0.7 OK for: server@1.0.0 want: *
19 silly reify moves {}
20 silly audit bulk request {
20 silly audit   '@mongodb-js/saslprep': [ '1.4.11' ],
20 silly audit   '@types/webidl-conversions': [ '7.0.3' ],
20 silly audit   '@types/whatwg-url': [ '13.0.0' ],
20 silly audit   accepts: [ '2.0.0' ],
20 silly audit   anymatch: [ '3.1.3' ],
20 silly audit   'balanced-match': [ '4.0.4' ],
20 silly audit   bcryptjs: [ '3.0.3' ],
20 silly audit   'binary-extensions': [ '2.3.0' ],
20 silly audit   'body-parser': [ '2.2.2' ],
20 silly audit   'brace-expansion': [ '5.0.6' ],
20 silly audit   braces: [ '3.0.3' ],
20 silly audit   bson: [ '7.2.0' ],
20 silly audit   'buffer-equal-constant-time': [ '1.0.1' ],
20 silly audit   bytes: [ '3.1.2' ],
20 silly audit   'call-bind-apply-helpers': [ '1.0.2' ],
20 silly audit   'call-bound': [ '1.0.4' ],
20 silly audit   chokidar: [ '3.6.0' ],
20 silly audit   'content-disposition': [ '1.1.0' ],
20 silly audit   'content-type': [ '1.0.5' ],
20 silly audit   cookie: [ '0.7.2' ],
20 silly audit   'cookie-signature': [ '1.2.2' ],
20 silly audit   cors: [ '2.8.6' ],
20 silly audit   debug: [ '4.4.3' ],
20 silly audit   depd: [ '2.0.0' ],
20 silly audit   dotenv: [ '17.4.2' ],
20 silly audit   'dunder-proto': [ '1.0.1' ],
20 silly audit   'ecdsa-sig-formatter': [ '1.0.11' ],
20 silly audit   'ee-first': [ '1.1.1' ],
20 silly audit   encodeurl: [ '2.0.0' ],
20 silly audit   'es-define-property': [ '1.0.1' ],
20 silly audit   'es-errors': [ '1.3.0' ],
20 silly audit   'es-object-atoms': [ '1.1.1' ],
20 silly audit   'escape-html': [ '1.0.3' ],
20 silly audit   etag: [ '1.8.1' ],
20 silly audit   express: [ '5.2.1' ],
20 silly audit   'fill-range': [ '7.1.1' ],
20 silly audit   finalhandler: [ '2.1.1' ],
20 silly audit   forwarded: [ '0.2.0' ],
20 silly audit   fresh: [ '2.0.0' ],
20 silly audit   fsevents: [ '2.3.3' ],
20 silly audit   'function-bind': [ '1.1.2' ],
20 silly audit   'get-intrinsic': [ '1.3.0' ],
20 silly audit   'get-proto': [ '1.0.1' ],
20 silly audit   'glob-parent': [ '5.1.2' ],
20 silly audit   gopd: [ '1.2.0' ],
20 silly audit   'has-flag': [ '3.0.0' ],
20 silly audit   'has-symbols': [ '1.1.0' ],
20 silly audit   hasown: [ '2.0.3' ],
20 silly audit   'http-errors': [ '2.0.1' ],
20 silly audit   'iconv-lite': [ '0.7.2' ],
20 silly audit   'ignore-by-default': [ '1.0.1' ],
20 silly audit   inherits: [ '2.0.4' ],
20 silly audit   'ipaddr.js': [ '1.9.1' ],
20 silly audit   'is-binary-path': [ '2.1.0' ],
20 silly audit   'is-extglob': [ '2.1.1' ],
20 silly audit   'is-glob': [ '4.0.3' ],
20 silly audit   'is-number': [ '7.0.0' ],
20 silly audit   'is-promise': [ '4.0.0' ],
20 silly audit   jsonwebtoken: [ '9.0.3' ],
20 silly audit   jwa: [ '2.0.1' ],
20 silly audit   jws: [ '4.0.1' ],
20 silly audit   kareem: [ '3.3.0' ],
20 silly audit   'lodash.includes': [ '4.3.0' ],
20 silly audit   'lodash.isboolean': [ '3.0.3' ],
20 silly audit   'lodash.isinteger': [ '4.0.4' ],
20 silly audit   'lodash.isnumber': [ '3.0.3' ],
20 silly audit   'lodash.isplainobject': [ '4.0.6' ],
20 silly audit   'lodash.isstring': [ '4.0.1' ],
20 silly audit   'lodash.once': [ '4.1.1' ],
20 silly audit   'math-intrinsics': [ '1.1.0' ],
20 silly audit   'media-typer': [ '1.1.0' ],
20 silly audit   'memory-pager': [ '1.5.0' ],
20 silly audit   'merge-descriptors': [ '2.0.0' ],
20 silly audit   'mime-db': [ '1.54.0' ],
20 silly audit   'mime-types': [ '3.0.2' ],
20 silly audit   minimatch: [ '10.2.5' ],
20 silly audit   mongodb: [ '7.2.0' ],
20 silly audit   'mongodb-connection-string-url': [ '7.0.1' ],
20 silly audit   mongoose: [ '9.6.2' ],
20 silly audit   mpath: [ '0.9.0' ],
20 silly audit   mquery: [ '6.0.0' ],
20 silly audit   ms: [ '2.1.3' ],
20 silly audit   negotiator: [ '1.0.0' ],
20 silly audit   nodemon: [ '3.1.14' ],
20 silly audit   'normalize-path': [ '3.0.0' ],
20 silly audit   'object-assign': [ '4.1.1' ],
20 silly audit   'object-inspect': [ '1.13.4' ],
20 silly audit   'on-finished': [ '2.4.1' ],
20 silly audit   once: [ '1.4.0' ],
20 silly audit   parseurl: [ '1.3.3' ],
20 silly audit   'path-to-regexp': [ '8.4.2' ],
20 silly audit   picomatch: [ '2.3.2' ],
20 silly audit   'proxy-addr': [ '2.0.7' ],
20 silly audit   'pstree.remy': [ '1.1.8' ],
20 silly audit   punycode: [ '2.3.1' ],
20 silly audit   qs: [ '6.15.1' ],
20 silly audit   'range-parser': [ '1.2.1' ],
20 silly audit   'raw-body': [ '3.0.2' ],
20 silly audit   readdirp: [ '3.6.0' ],
20 silly audit   router: [ '2.2.0' ],
20 silly audit   'safe-buffer': [ '5.2.1' ],
20 silly audit   'safer-buffer': [ '2.1.2' ],
20 silly audit   semver: [ '7.8.0' ],
20 silly audit   send: [ '1.2.1' ],
20 silly audit   'serve-static': [ '2.2.1' ],
20 silly audit   setprototypeof: [ '1.2.0' ],
20 silly audit   'side-channel': [ '1.1.0' ],
20 silly audit   'side-channel-list': [ '1.0.1' ],
20 silly audit   'side-channel-map': [ '1.0.1' ],
20 silly audit   'side-channel-weakmap': [ '1.0.2' ],
20 silly audit   sift: [ '17.1.3' ],
20 silly audit   'simple-update-notifier': [ '2.0.0' ],
20 silly audit   'sparse-bitfield': [ '3.0.3' ],
20 silly audit   statuses: [ '2.0.2' ],
20 silly audit   'supports-color': [ '5.5.0' ],
20 silly audit   'to-regex-range': [ '5.0.1' ],
20 silly audit   toidentifier: [ '1.0.1' ],
20 silly audit   touch: [ '3.1.1' ],
20 silly audit   tr46: [ '5.1.1' ],
20 silly audit   'type-is': [ '2.0.1' ],
20 silly audit   undefsafe: [ '2.0.5' ],
20 silly audit   unpipe: [ '1.0.0' ],
20 silly audit   vary: [ '1.1.2' ],
20 silly audit   'webidl-conversions': [ '7.0.0' ],
20 silly audit   'whatwg-url': [ '14.2.0' ],
20 silly audit   wrappy: [ '1.0.2' ],
20 silly audit   nodemailer: [ '8.0.7' ]
20 silly audit }
21 http fetch GET 200 https://registry.npmjs.org/npm 159ms
22 http cache nodemailer@https://registry.npmjs.org/nodemailer/-/nodemailer-8.0.7.tgz 0ms (cache hit)
23 silly tarball no local data for nodemailer@https://registry.npmjs.org/nodemailer/-/nodemailer-8.0.7.tgz. Extracting by manifest.
24 http fetch GET 200 https://registry.npmjs.org/nodemailer/-/nodemailer-8.0.7.tgz 85ms (cache miss)
25 http fetch POST 200 https://registry.npmjs.org/-/npm/v1/security/advisories/bulk 171ms
26 silly audit report {}
27 silly ADD node_modules/nodemailer
28 verbose cwd D:\junayedkhan
29 verbose os Windows_NT 10.0.26200
30 verbose node v24.15.0
31 verbose npm  v11.14.1
32 verbose exit 0
33 info ok
