0 verbose cli C:\Program Files\nodejs\node.exe C:\Users\junay\AppData\Roaming\npm\node_modules\npm\bin\npm-cli.js
1 info using npm@11.14.1
2 info using node@v24.15.0
3 silly config load:file:C:\Users\junay\AppData\Roaming\npm\node_modules\npm\npmrc
4 silly config load:file:D:\junayedkhan\client\.npmrc
5 silly config load:file:C:\Users\junay\.npmrc
6 silly config load:file:C:\Users\junay\AppData\Roaming\npm\etc\npmrc
7 verbose title npm ci
8 verbose argv "ci" "--include" "dev"
9 verbose logfile logs-max:10 dir:D:\junayedkhan\.npm-cache\_logs\2026-05-18T15_14_41_431Z-
10 verbose logfile D:\junayedkhan\.npm-cache\_logs\2026-05-18T15_14_41_431Z-debug-0.log
11 silly logfile done cleaning log files
12 silly packumentCache heap:4496293888 maxSize:1124073472 maxEntrySize:562036736
13 silly packumentCache heap:4496293888 maxSize:1124073472 maxEntrySize:562036736
14 silly idealTree buildDeps
15 verbose stack Error: EPERM: operation not permitted, unlink 'D:\junayedkhan\client\node_modules\@rollup\rollup-win32-x64-msvc\rollup.win32-x64-msvc.node'
16 error code EPERM
17 error syscall unlink
18 error path D:\junayedkhan\client\node_modules\@rollup\rollup-win32-x64-msvc\rollup.win32-x64-msvc.node
19 error errno -4048
20 error [Error: EPERM: operation not permitted, unlink 'D:\junayedkhan\client\node_modules\@rollup\rollup-win32-x64-msvc\rollup.win32-x64-msvc.node'] {
20 error   errno: -4048,
20 error   code: 'EPERM',
20 error   syscall: 'unlink',
20 error   path: 'D:\\junayedkhan\\client\\node_modules\\@rollup\\rollup-win32-x64-msvc\\rollup.win32-x64-msvc.node'
20 error }
21 error
21 error The operation was rejected by your operating system.
21 error It's possible that the file was already in use (by a text editor or antivirus), or that you lack permissions to access it.
21 error
21 error If you believe this might be a permissions issue, please double-check the permissions of the file and its containing directories, or try running the command again as root/Administrator.
22 verbose cwd D:\junayedkhan\client
23 verbose os Windows_NT 10.0.26200
24 verbose node v24.15.0
25 verbose npm  v11.14.1
26 verbose exit -4048
27 verbose code -4048
28 error A complete log of this run can be found in: D:\junayedkhan\.npm-cache\_logs\2026-05-18T15_14_41_431Z-debug-0.log
